deepest dowhile int:1
deepest dowhile int:2
deepest dowhile int:3
4
deepest dowhile int:5
6
deepest dowhile int:7
8
deepest dowhile int:9
10

